// Jest Snapshot v1, https://goo.gl/fbAQLP

exports[`AddProduct renders a snapshot properly 1`] = `
<form
  onSubmit={[Function]}
>
  <div
    className="field"
  >
    <input
      className="input is-large"
      name="name"
      placeholder="Enter a name"
      required={true}
      type="text"
    />
  </div>
  <div
    className="field"
  >
    <input
      className="input is-large"
      name="stock"
      placeholder="Enter stock"
      required={true}
      type="text"
    />
  </div>
  <div
    className="field"
  >
    <input
      className="input is-large"
      name="price"
      placeholder="Enter price"
      required={true}
      type="text"
    />
  </div>
  <div
    className="field"
  >
    <input
      className="input is-large"
      name="trademark"
      placeholder="Enter trademark"
      required={true}
      type="text"
    />
  </div>
  <div
    className="field"
  >
    <input
      className="input is-large"
      name="category"
      placeholder="Enter category"
      required={true}
      type="text"
    />
  </div>
  <input
    className="button is-primary is-large is-fullwidth"
    type="submit"
    value="Submit"
  />
</form>
`;
